npm warn Unknown project config "public-hoist-pattern". This will stop working in the next major version of npm.

> build
> vite build

vite v8.0.1 building client environment for production...
[plugin @laravel/vite-plugin-wayfinder] Types generated for actions, routes, form variants
[2Ktransforming...✓ 3071 modules transformed.
rendering chunks...
computing gzip size...
public/build/manifest.json                           30.36 kB │ gzip:   3.19 kB
public/build/assets/app-DhYw0yRc.css                156.16 kB │ gzip:  24.20 kB
public/build/assets/minus-CeO-IoTP.js                 0.11 kB │ gzip:   0.13 kB
public/build/assets/check-JaK8tigk.js                 0.12 kB │ gzip:   0.14 kB
public/build/assets/chevron-down-FH2J0qYJ.js          0.12 kB │ gzip:   0.14 kB
public/build/assets/chevron-left-BkT5m0RJ.js          0.12 kB │ gzip:   0.14 kB
public/build/assets/plus-ClvJCg1x.js                  0.15 kB │ gzip:   0.14 kB
public/build/assets/x-CxmJd8zJ.js                     0.15 kB │ gzip:   0.15 kB
public/build/assets/search-BimFMEzk.js                0.17 kB │ gzip:   0.16 kB
public/build/assets/clock-DK1yB79f.js                 0.18 kB │ gzip:   0.17 kB
public/build/assets/circle-check-big-BkdN6YLz.js      0.19 kB │ gzip:   0.17 kB
public/build/assets/user-R8wh3Jv_.js                  0.19 kB │ gzip:   0.17 kB
public/build/assets/rotate-ccw-KSUDqKFD.js            0.19 kB │ gzip:   0.18 kB
public/build/assets/trending-up-CNklDzbH.js           0.20 kB │ gzip:   0.18 kB
public/build/assets/credit-card-xuN1t4bR.js           0.20 kB │ gzip:   0.18 kB
public/build/assets/lock-DtCiPCdK.js                  0.20 kB │ gzip:   0.18 kB
public/build/assets/mail-2LWKOR33.js                  0.21 kB │ gzip:   0.19 kB
public/build/assets/eye-DE7nLzTZ.js                   0.25 kB │ gzip:   0.19 kB
public/build/assets/dist-DxgflAyC.js                  0.25 kB │ gzip:   0.18 kB
public/build/assets/map-pin-CvAvX0sU.js               0.25 kB │ gzip:   0.22 kB
public/build/assets/download-EuuHqWjX.js              0.26 kB │ gzip:   0.21 kB
public/build/assets/shield-QyedPuXn.js                0.27 kB │ gzip:   0.22 kB
public/build/assets/shopping-cart-M-lvLoAI.js         0.29 kB │ gzip:   0.23 kB
public/build/assets/users-D0BcEc_d.js                 0.30 kB │ gzip:   0.22 kB
public/build/assets/square-pen-CyYw02Ab.js            0.31 kB │ gzip:   0.23 kB
public/build/assets/trash-2-BQosahNd.js               0.35 kB │ gzip:   0.24 kB
public/build/assets/confirm-dD16Ae2H.js               0.36 kB │ gzip:   0.21 kB
public/build/assets/clsx-Bo5Hnz-R.js                  0.36 kB │ gzip:   0.23 kB
public/build/assets/package-BjCDSZRq.js               0.37 kB │ gzip:   0.25 kB
public/build/assets/trending-down-DHi5prmo.js         0.37 kB │ gzip:   0.25 kB
public/build/assets/dist-DtkBVftd.js                  0.38 kB │ gzip:   0.27 kB
public/build/assets/truck-CU8L0kiC.js                 0.40 kB │ gzip:   0.26 kB
public/build/assets/input-error-BUEHBLtj.js           0.41 kB │ gzip:   0.31 kB
public/build/assets/Index-Bo5zZqpA.js                 0.43 kB │ gzip:   0.34 kB
public/build/assets/spinner-DBHcvflC.js               0.45 kB │ gzip:   0.32 kB
public/build/assets/dist-wq86bhsa.js                  0.53 kB │ gzip:   0.37 kB
public/build/assets/text-link-19gUKpj3.js             0.54 kB │ gzip:   0.37 kB
public/build/assets/label-BU61NU_b.js                 0.87 kB │ gzip:   0.54 kB
public/build/assets/NotFound-BBOImkvR.js              0.88 kB │ gzip:   0.53 kB
public/build/assets/createLucideIcon-d6qMaMe1.js      0.91 kB │ gzip:   0.54 kB
public/build/assets/input-BjUNZ8La.js                 1.24 kB │ gzip:   0.72 kB
public/build/assets/password-input-DG7H8Sc6.js        1.37 kB │ gzip:   0.80 kB
public/build/assets/ConfirmPassword-DGdGmrjJ.js       1.51 kB │ gzip:   0.75 kB
public/build/assets/ForgotPassword-CSu4NPQZ.js        2.21 kB │ gzip:   1.05 kB
public/build/assets/ResetPassword-ChacfPby.js         2.41 kB │ gzip:   0.99 kB
public/build/assets/VerifyEmail-CmmF2Kc6.js           2.81 kB │ gzip:   1.17 kB
public/build/assets/Register-57nyQWg0.js              2.89 kB │ gzip:   1.08 kB
public/build/assets/password-Byy53kQn.js              3.02 kB │ gzip:   0.78 kB
public/build/assets/dist-CqeruHFb.js                  3.17 kB │ gzip:   1.38 kB
public/build/assets/progress-CF0zEr2g.js              3.24 kB │ gzip:   1.56 kB
public/build/assets/react-dom-BTn-zNI3.js             3.54 kB │ gzip:   1.34 kB
public/build/assets/button-cploIMw_.js                3.89 kB │ gzip:   1.76 kB
public/build/assets/auth-layout-CqHKzO5k.js           4.92 kB │ gzip:   1.87 kB
public/build/assets/MyOrders-DpALbOyT.js              5.00 kB │ gzip:   1.63 kB
public/build/assets/switch-8y8RwMYg.js                5.55 kB │ gzip:   2.48 kB
public/build/assets/tabs-KJMTzTwN.js                  6.64 kB │ gzip:   2.60 kB
public/build/assets/product-card-DPZLLRAM.js          7.77 kB │ gzip:   2.94 kB
public/build/assets/Cart-cxigD7C3.js                  8.15 kB │ gzip:   2.70 kB
public/build/assets/jsx-runtime-CQD49VtS.js           8.69 kB │ gzip:   3.28 kB
public/build/assets/Line-DjMU7kXQ.js                  9.52 kB │ gzip:   3.78 kB
public/build/assets/dist-D9PA9nbP.js                  9.63 kB │ gzip:   3.09 kB
public/build/assets/Index-Djpipk5k.js                 9.91 kB │ gzip:   3.62 kB
public/build/assets/About-CiTlQ0zm.js                 9.99 kB │ gzip:   3.23 kB
public/build/assets/DashboardPage-Cw3zoBwh.js        10.01 kB │ gzip:   3.15 kB
public/build/assets/Login-KR2y4y2e.js                10.24 kB │ gzip:   4.11 kB
public/build/assets/Account-DqvQXzs9.js              10.54 kB │ gzip:   3.02 kB
public/build/assets/HelpDesk-Yke9mEOO.js             10.82 kB │ gzip:   3.69 kB
public/build/assets/dialog-BBSZ0oxv.js               11.68 kB │ gzip:   4.15 kB
public/build/assets/LogisticsPage-MRTV__dp.js        11.74 kB │ gzip:   2.79 kB
public/build/assets/AreaChart-CSo6NsVj.js            11.91 kB │ gzip:   4.32 kB
public/build/assets/ReportsPage-B-bC4tQh.js          12.35 kB │ gzip:   3.59 kB
public/build/assets/OrderConfirmation-CU0FCf2-.js    12.84 kB │ gzip:   3.77 kB
public/build/assets/UsersPage-DAIfX5B5.js            13.53 kB │ gzip:   3.50 kB
public/build/assets/routes-F-cbmd_g.js               14.01 kB │ gzip:   2.42 kB
public/build/assets/PosPage-LRT-x8k_.js              14.97 kB │ gzip:   4.98 kB
public/build/assets/ProductDetail-CVDzbTpe.js        15.09 kB │ gzip:   5.13 kB
public/build/assets/ProductionPage-Uc5Dat-K.js       16.13 kB │ gzip:   3.68 kB
public/build/assets/SettingsPage-DMcntP_v.js         16.42 kB │ gzip:   4.00 kB
public/build/assets/PieChart-KCqDFZB_.js             16.50 kB │ gzip:   5.22 kB
public/build/assets/BarChart-BP0Tm8tp.js             17.07 kB │ gzip:   5.85 kB
public/build/assets/TwoFactorChallenge-D6TBJ4N0.js   17.84 kB │ gzip:   6.38 kB
public/build/assets/Combination-DlE1sj3y.js          17.95 kB │ gzip:   6.81 kB
public/build/assets/FinancePage-rMdMDeO2.js          18.49 kB │ gzip:   4.18 kB
public/build/assets/Checkout-CMHj-5r2.js             20.90 kB │ gzip:   7.00 kB
public/build/assets/InventoryPage-K3DvgTQU.js        21.46 kB │ gzip:   5.32 kB
public/build/assets/select-Ck0Xihtm.js               25.83 kB │ gzip:   8.74 kB
public/build/assets/utils-CBWD9DsC.js                26.51 kB │ gzip:   8.51 kB
public/build/assets/Welcome-Bfd2VST4.js              30.96 kB │ gzip:   6.62 kB
public/build/assets/custom-layout-D4gpGuWk.js        36.88 kB │ gzip:   9.90 kB
public/build/assets/CartesianChart-_jOKy5Qm.js      334.19 kB │ gzip:  98.45 kB
public/build/assets/app-CFAT5jgV.js                 427.31 kB │ gzip: 136.64 kB

[33m[PLUGIN_TIMINGS] Warning:[0m Your build spent significant time in plugins. Here is a breakdown:
  - laravel (70%)
  - vite:react-babel (25%)
See https://rolldown.rs/options/checks#plugintimings for more details.

✓ built in 7.67s
